Component: ARM Compiler 5.06 update 7 (build 960) Tool: armlink [4d3601]

==============================================================================

Section Cross References

    startup.o(STACK) refers (Special) to heapauxi.o(.text) for __use_two_region_memory
    startup.o(HEAP) refers (Special) to heapauxi.o(.text) for __use_two_region_memory
    startup.o(RESET) refers (Special) to heapauxi.o(.text) for __use_two_region_memory
    startup.o(RESET) refers to startup.o(STACK) for StackMem
    startup.o(RESET) refers to sound.o(i.SysTick_Handler) for SysTick_Handler
    startup.o(RESET) refers to spaceinvaders.o(i.Timer1A_Handler) for Timer1A_Handler
    startup.o(RESET) refers to texas.o(i.Timer5A_Handler) for Timer5A_Handler
    startup.o(RESET) refers to __main.o(!!!main) for __main
    startup.o(.text) refers (Special) to heapauxi.o(.text) for __use_two_region_memory
    startup.o(.text) refers to startup.o(HEAP) for HeapMem
    startup.o(.text) refers to startup.o(STACK) for StackMem
    random.o(.text) refers to random.o(DATA) for M
    sound.o(i.Sound_Explosion) refers to sound.o(i.Sound_Start) for Sound_Start
    sound.o(i.Sound_Explosion) refers to sound.o(.constdata) for explosion
    sound.o(i.Sound_Init) refers to dac.o(i.DAC_Init) for DAC_Init
    sound.o(i.Sound_Shoot) refers to sound.o(i.Sound_Start) for Sound_Start
    sound.o(i.Sound_Shoot) refers to sound.o(.constdata) for shoot
    sound.o(i.Sound_Start) refers to sound.o(.data) for idx
    sound.o(i.SysTick_Handler) refers to dac.o(i.DAC_Out) for DAC_Out
    sound.o(i.SysTick_Handler) refers to sound.o(.data) for flag
    print.o(.text) refers (Special) to st7735.o(i.ST7735_OutString) for ST7735_OutString
    print.o(.text) refers to st7735.o(i.ST7735_OutChar) for ST7735_OutChar
    spaceinvaders.o(i.HUD) refers to st7735.o(i.ST7735_SetCursor) for ST7735_SetCursor
    spaceinvaders.o(i.HUD) refers to st7735.o(i.ST7735_OutString) for ST7735_OutString
    spaceinvaders.o(i.HUD) refers to st7735.o(i.ST7735_Color565) for ST7735_Color565
    spaceinvaders.o(i.HUD) refers to st7735.o(i.ST7735_DrawFastHLine) for ST7735_DrawFastHLine
    spaceinvaders.o(i.HUD) refers to spaceinvaders.o(.data) for Phrases
    spaceinvaders.o(i.Init) refers to startup.o(.text) for DisableInterrupts
    spaceinvaders.o(i.Init) refers to texas.o(i.TExaS_Init) for TExaS_Init
    spaceinvaders.o(i.Init) refers to adc.o(i.ADC_Init) for ADC_Init
    spaceinvaders.o(i.Init) refers to spaceinvaders.o(i.PortE_Init) for PortE_Init
    spaceinvaders.o(i.Init) refers to spaceinvaders.o(i.PortF_Init) for PortF_Init
    spaceinvaders.o(i.Init) refers to random.o(.text) for Random_Init
    spaceinvaders.o(i.Init) refers to st7735.o(i.Output_Init) for Output_Init
    spaceinvaders.o(i.Init) refers to timer1.o(i.Timer1_Init) for Timer1_Init
    spaceinvaders.o(i.Init) refers to sound.o(i.Sound_Init) for Sound_Init
    spaceinvaders.o(i.Timer1A_Handler) refers to adc.o(i.ADC_In) for ADC_In
    spaceinvaders.o(i.Timer1A_Handler) refers to spaceinvaders.o(i.checkSpeed) for checkSpeed
    spaceinvaders.o(i.Timer1A_Handler) refers to sound.o(i.Sound_Shoot) for Sound_Shoot
    spaceinvaders.o(i.Timer1A_Handler) refers to random.o(.text) for Random
    spaceinvaders.o(i.Timer1A_Handler) refers to spaceinvaders.o(.data) for entities
    spaceinvaders.o(i.Timer1A_Handler) refers to spaceinvaders.o(.constdata) for xcomp
    spaceinvaders.o(i.Timer1A_Handler) refers to rt_memcpy_w.o(.text) for __aeabi_memcpy4
    spaceinvaders.o(i.Timer1A_Handler) refers to spaceinvaders.o(i.getDist) for getDist
    spaceinvaders.o(i.Timer1A_Handler) refers to spaceinvaders.o(i.checkHit) for checkHit
    spaceinvaders.o(i.checkHit) refers to sound.o(i.Sound_Explosion) for Sound_Explosion
    spaceinvaders.o(i.checkHit) refers to spaceinvaders.o(.data) for Missiles
    spaceinvaders.o(i.checkSpeed) refers to spaceinvaders.o(.data) for entities
    spaceinvaders.o(i.draw) refers to spaceinvaders.o(i.clipHeight) for clipHeight
    spaceinvaders.o(i.draw) refers to st7735.o(i.ST7735_DrawBitmap) for ST7735_DrawBitmap
    spaceinvaders.o(i.draw) refers to st7735.o(i.ST7735_SetCursor) for ST7735_SetCursor
    spaceinvaders.o(i.draw) refers to print.o(.text) for LCD_OutFix
    spaceinvaders.o(i.draw) refers to spaceinvaders.o(.data) for entities
    spaceinvaders.o(i.gameInit) refers to spaceinvaders.o(.data) for gameState
    spaceinvaders.o(i.gameOver) refers to st7735.o(i.ST7735_SetCursor) for ST7735_SetCursor
    spaceinvaders.o(i.gameOver) refers to st7735.o(i.ST7735_OutString) for ST7735_OutString
    spaceinvaders.o(i.gameOver) refers to print.o(.text) for LCD_OutFix
    spaceinvaders.o(i.gameOver) refers to spaceinvaders.o(.data) for tick
    spaceinvaders.o(i.main) refers to spaceinvaders.o(i.Init) for Init
    spaceinvaders.o(i.main) refers to spaceinvaders.o(i.newGame) for newGame
[...]
    libinit.o(.ARM.Collect$$libinit$$00000000) refers (Special) to libinit2.o(.ARM.Collect$$libinit$$00000033) for __rt_lib_init_return
    libinit.o(.ARM.Collect$$libinit$$00000000) refers (Special) to libinit2.o(.ARM.Collect$$libinit$$0000001D) for __rt_lib_init_signal_1
    libinit.o(.ARM.Collect$$libinit$$00000000) refers (Special) to libinit2.o(.ARM.Collect$$libinit$$00000025) for __rt_lib_init_stdio_1
    libinit.o(.ARM.Collect$$libinit$$00000000) refers (Special) to libinit2.o(.ARM.Collect$$libinit$$0000000C) for __rt_lib_init_user_alloc_1
    libspace.o(.text) refers to libspace.o(.bss) for __libspace_start
    rtexit.o(.ARM.Collect$$rtexit$$00000000) refers (Special) to rtexit2.o(.ARM.Collect$$rtexit$$00000004) for __rt_exit_exit
    rtexit.o(.ARM.Collect$$rtexit$$00000000) refers (Special) to rtexit2.o(.ARM.Collect$$rtexit$$00000003) for __rt_exit_ls
    rtexit.o(.ARM.Collect$$rtexit$$00000000) refers (Special) to rtexit2.o(.ARM.Collect$$rtexit$$00000002) for __rt_exit_prels_1
    rtexit.o(.ARM.exidx) refers (Special) to rtexit2.o(.ARM.Collect$$rtexit$$00000004) for __rt_exit_exit
    rtexit.o(.ARM.exidx) refers (Special) to rtexit2.o(.ARM.Collect$$rtexit$$00000003) for __rt_exit_ls
    rtexit.o(.ARM.exidx) refers (Special) to rtexit2.o(.ARM.Collect$$rtexit$$00000002) for __rt_exit_prels_1
    rtexit.o(.ARM.exidx) refers to rtexit.o(.ARM.Collect$$rtexit$$00000000) for .ARM.Collect$$rtexit$$00000000
    libinit2.o(.ARM.Collect$$libinit$$00000010) refers to libinit2.o(.ARM.Collect$$libinit$$0000000F) for .ARM.Collect$$libinit$$0000000F
    libinit2.o(.ARM.Collect$$libinit$$00000012) refers to libinit2.o(.ARM.Collect$$libinit$$0000000F) for .ARM.Collect$$libinit$$0000000F
    libinit2.o(.ARM.Collect$$libinit$$00000014) refers to libinit2.o(.ARM.Collect$$libinit$$0000000F) for .ARM.Collect$$libinit$$0000000F
    libinit2.o(.ARM.Collect$$libinit$$00000016) refers to libinit2.o(.ARM.Collect$$libinit$$0000000F) for .ARM.Collect$$libinit$$0000000F
    libinit2.o(.ARM.Collect$$libinit$$00000018) refers to libinit2.o(.ARM.Collect$$libinit$$0000000F) for .ARM.Collect$$libinit$$0000000F
    libinit2.o(.ARM.Collect$$libinit$$00000026) refers to argv_veneer.o(.emb_text) for __ARM_argv_veneer
    libinit2.o(.ARM.Collect$$libinit$$00000027) refers to argv_veneer.o(.emb_text) for __ARM_argv_veneer
    rtexit2.o(.ARM.Collect$$rtexit$$00000003) refers to libshutdown.o(.ARM.Collect$$libshutdown$$00000000) for __rt_lib_shutdown
    rtexit2.o(.ARM.Collect$$rtexit$$00000004) refers to sys_exit.o(.text) for _sys_exit
    rtexit2.o(.ARM.exidx) refers to rtexit2.o(.ARM.Collect$$rtexit$$00000001) for .ARM.Collect$$rtexit$$00000001
    rtexit2.o(.ARM.exidx) refers to rtexit2.o(.ARM.Collect$$rtexit$$00000003) for .ARM.Collect$$rtexit$$00000003
    rtexit2.o(.ARM.exidx) refers to rtexit2.o(.ARM.Collect$$rtexit$$00000004) for .ARM.Collect$$rtexit$$00000004
    argv_veneer.o(.emb_text) refers to no_argv.o(.text) for __ARM_get_argv
    sys_exit.o(.text) refers (Special) to use_no_semi.o(.text) for __I$use$semihosting
    sys_exit.o(.text) refers (Special) to indicate_semi.o(.text) for __semihosting_library_function
    _get_argv_nomalloc.o(.text) refers (Special) to hrguard.o(.text) for __heap_region$guard
    _get_argv_nomalloc.o(.text) refers to defsig_rtmem_outer.o(.text) for __rt_SIGRTMEM
    _get_argv_nomalloc.o(.text) refers to sys_command.o(.text) for _sys_command_string
    libshutdown.o(.ARM.Collect$$libshutdown$$00000000) refers (Special) to libshutdown2.o(.ARM.Collect$$libshutdown$$00000004) for __rt_lib_shutdown_cpp_1
    libshutdown.o(.ARM.Collect$$libshutdown$$00000000) refers (Special) to libshutdown2.o(.ARM.Collect$$libshutdown$$00000002) for __rt_lib_shutdown_fini_1
    libshutdown.o(.ARM.Collect$$libshutdown$$00000000) refers (Special) to libshutdown2.o(.ARM.Collect$$libshutdown$$00000009) for __rt_lib_shutdown_fp_trap_1
    libshutdown.o(.ARM.Collect$$libshutdown$$00000000) refers (Special) to libshutdown2.o(.ARM.Collect$$libshutdown$$00000011) for __rt_lib_shutdown_heap_1
    libshutdown.o(.ARM.Collect$$libshutdown$$00000000) refers (Special) to libshutdown2.o(.ARM.Collect$$libshutdown$$00000012) for __rt_lib_shutdown_return
    libshutdown.o(.ARM.Collect$$libshutdown$$00000000) refers (Special) to libshutdown2.o(.ARM.Collect$$libshutdown$$0000000C) for __rt_lib_shutdown_signal_1
    libshutdown.o(.ARM.Collect$$libshutdown$$00000000) refers (Special) to libshutdown2.o(.ARM.Collect$$libshutdown$$00000006) for __rt_lib_shutdown_stdio_1
    libshutdown.o(.ARM.Collect$$libshutdown$$00000000) refers (Special) to libshutdown2.o(.ARM.Collect$$libshutdown$$0000000E) for __rt_lib_shutdown_user_alloc_1
    sys_command.o(.text) refers (Special) to use_no_semi.o(.text) for __I$use$semihosting
    sys_command.o(.text) refers (Special) to indicate_semi.o(.text) for __semihosting_library_function
    defsig_rtmem_outer.o(.text) refers to defsig_rtmem_inner.o(.text) for __rt_SIGRTMEM_inner
    defsig_rtmem_outer.o(.text) refers to defsig_exit.o(.text) for __sig_exit
    defsig_rtmem_formal.o(.text) refers to rt_raise.o(.text) for __rt_raise
    rt_raise.o(.text) refers to __raise.o(.text) for __raise
    rt_raise.o(.text) refers to sys_exit.o(.text) for _sys_exit
    defsig_exit.o(.text) refers to sys_exit.o(.text) for _sys_exit
    defsig_rtmem_inner.o(.text) refers to defsig_general.o(.text) for __default_signal_display
    __raise.o(.text) refers to defsig.o(CL$$defsig) for __default_signal_handler
    defsig_general.o(.text) refers to sys_wrch.o(.text) for _ttywrch
    sys_wrch.o(.text) refers (Special) to use_no_semi.o(.text) for __I$use$semihosting
    sys_wrch.o(.text) refers (Special) to indicate_semi.o(.text) for __semihosting_library_function
    defsig.o(CL$$defsig) refers to defsig_rtmem_inner.o(.text) for __rt_SIGRTMEM_inner
    defsig_abrt_inner.o(.text) refers to defsig_general.o(.text) for __default_signal_display
    defsig_fpe_inner.o(.text) refers to defsig_general.o(.text) for __default_signal_display
    defsig_rtred_inner.o(.text) refers to defsig_general.o(.text) for __default_signal_display
    defsig_stak_inner.o(.text) refers to defsig_general.o(.text) for __default_signal_display
    defsig_pvfn_inner.o(.text) refers to defsig_general.o(.text) for __default_signal_display
    defsig_cppl_inner.o(.text) refers to defsig_general.o(.text) for __default_signal_display
    defsig_segv_inner.o(.text) refers to defsig_general.o(.text) for __default_signal_display
    defsig_other.o(.text) refers to defsig_general.o(.text) for __default_signal_display


==============================================================================

Removing Unused input sections from the image.

    Removing timer0.o(i.Timer0_Init), (96 bytes).
    Removing sound.o(i.Sound_Fastinvader1), (2 bytes).
    Removing sound.o(i.Sound_Fastinvader2), (2 bytes).
    Removing sound.o(i.Sound_Fastinvader3), (2 bytes).
    Removing sound.o(i.Sound_Fastinvader4), (2 bytes).
    Removing sound.o(i.Sound_Highpitch), (2 bytes).
    Removing sound.o(i.Sound_Killed), (2 bytes).
    Removing st7735.o(i.Output_Clear), (10 bytes).
    Removing st7735.o(i.Output_Color), (12 bytes).
    Removing st7735.o(i.Output_Off), (8 bytes).
    Removing st7735.o(i.Output_On), (8 bytes).
    Removing st7735.o(i.ST7735_DrawChar), (272 bytes).
    Removing st7735.o(i.ST7735_DrawFastVLine), (124 bytes).
    Removing st7735.o(i.ST7735_InitB), (40 bytes).
    Removing st7735.o(i.ST7735_InvertDisplay), (22 bytes).
    Removing st7735.o(i.ST7735_OutUDec), (140 bytes).
    Removing st7735.o(i.ST7735_PlotBar), (88 bytes).
    Removing st7735.o(i.ST7735_PlotClear), (92 bytes).
    Removing st7735.o(i.ST7735_PlotLine), (264 bytes).
    Removing st7735.o(i.ST7735_PlotNext), (32 bytes).
    Removing st7735.o(i.ST7735_PlotNextErase), (64 bytes).
    Removing st7735.o(i.ST7735_PlotPoint), (152 bytes).
    Removing st7735.o(i.ST7735_PlotPoints), (172 bytes).
    Removing st7735.o(i.ST7735_SetRotation), (212 bytes).
    Removing st7735.o(i.ST7735_SetTextColor), (12 bytes).
    Removing st7735.o(i.ST7735_SwapColor), (18 bytes).
    Removing st7735.o(i.ferror), (8 bytes).
    Removing st7735.o(i.fgetc), (6 bytes).
    Removing st7735.o(i.fillmessage), (72 bytes).
    Removing st7735.o(i.fputc), (16 bytes).
    Removing st7735.o(.bss), (12 bytes).
    Removing texas.o(i.PeriodicTask2_Stop), (36 bytes).
    Removing texas.o(i.TExaS_Stop), (8 bytes).
    Removing texas.o(i.UART0_InChar), (28 bytes).
    Removing texas.o(i.UART0_OutChar), (24 bytes).
    Removing texas.o(i.UART0_OutString), (22 bytes).

36 unused section(s) (total 2082 bytes) removed from the image.

==============================================================================

Image Symbol Table

    Local Symbols

    Symbol Name                              Value     Ov Type        Size  Object(Section)

    RESET                                    0x00000000   Section      644  startup.o(RESET)
    ../clib/angel/boardlib.s                 0x00000000   Number         0  boardinit1.o ABSOLUTE
    ../clib/angel/boardlib.s                 0x00000000   Number         0  boardinit2.o ABSOLUTE
    ../clib/angel/boardlib.s                 0x00000000   Number         0  boardinit3.o ABSOLUTE
    ../clib/angel/boardlib.s                 0x00000000   Number         0  boardshut.o ABSOLUTE
    ../clib/angel/dczerorl2.s                0x00000000   Number         0  __dczerorl2.o ABSOLUTE
    ../clib/angel/handlers.s                 0x00000000   Number         0  __scatter_zi.o ABSOLUTE
    ../clib/angel/kernel.s                   0x00000000   Number         0  rtexit2.o ABSOLUTE
    ../clib/angel/kernel.s                   0x00000000   Number         0  rtexit.o ABSOLUTE
    ../clib/angel/kernel.s                   0x00000000   Number         0  __rtentry4.o ABSOLUTE
    ../clib/angel/kernel.s                   0x00000000   Number         0  __rtentry.o ABSOLUTE
    ../clib/angel/kernel.s                   0x00000000   Number         0  __rtentry2.o ABSOLUTE
    ../clib/angel/rt.s                       0x00000000   Number         0  rt_raise.o ABSOLUTE
    ../clib/angel/scatter.s                  0x00000000   Number         0  __scatter.o ABSOLUTE
    ../clib/angel/startup.s                  0x00000000   Number         0  __main.o ABSOLUTE
    ../clib/angel/sys.s                      0x00000000   Number         0  sys_stackheap_outer.o ABSOLUTE
    ../clib/angel/sys.s                      0x00000000   Number         0  indicate_semi.o ABSOLUTE
    ../clib/angel/sys.s                      0x00000000   Number         0  use_no_semi.o ABSOLUTE
    ../clib/angel/sys.s                      0x00000000   Number         0  libspace.o ABSOLUTE
    ../clib/angel/sysapp.c                   0x00000000   Number         0  sys_wrch.o ABSOLUTE
    ../clib/angel/sysapp.c                   0x00000000   Number         0  sys_exit.o ABSOLUTE
    ../clib/angel/sysapp.c                   0x00000000   Number         0  sys_command.o ABSOLUTE
    ../clib/armsys.c                         0x00000000   Number         0  _get_argv_nomalloc.o ABSOLUTE
    ../clib/armsys.c                         0x00000000   Number         0  argv_veneer.o ABSOLUTE
    ../clib/armsys.c                         0x00000000   Number         0  no_argv.o ABSOLUTE
    ../clib/armsys.c                         0x00000000   Number         0  argv_veneer.o ABSOLUTE
    ../clib/heapalloc.c                      0x00000000   Number         0  hrguard.o ABSOLUTE
    ../clib/heapaux.c                        0x00000000   Number         0  heapauxi.o ABSOLUTE
    ../clib/libinit.s                        0x00000000   Number         0  libinit.o ABSOLUTE
    ../clib/libinit.s                        0x00000000   Number         0  libinit2.o ABSOLUTE
    ../clib/libinit.s                        0x00000000   Number         0  libshutdown.o ABSOLUTE
    ../clib/libinit.s                        0x00000000   Number         0  libshutdown2.o ABSOLUTE
    ../clib/memcpset.s                       0x00000000   Number         0  rt_memcpy_w.o ABSOLUTE
    ../clib/signal.c                         0x00000000   Number         0  defsig_rtred_inner.o ABSOLUTE
    ../clib/signal.c                         0x00000000   Number         0  defsig_fpe_inner.o ABSOLUTE
    ../clib/signal.c                         0x00000000   Number         0  defsig_abrt_inner.o ABSOLUTE
    ../clib/signal.c                         0x00000000   Number         0  defsig_rtmem_outer.o ABSOLUTE
    ../clib/signal.c                         0x00000000   Number         0  __raise.o ABSOLUTE
    ../clib/signal.c                         0x00000000   Number         0  defsig_rtmem_inner.o ABSOLUTE
    ../clib/signal.c                         0x00000000   Number         0  defsig_exit.o ABSOLUTE
    ../clib/signal.c                         0x00000000   Number         0  defsig_other.o ABSOLUTE
    ../clib/signal.c                         0x00000000   Number         0  defsig_rtmem_formal.o ABSOLUTE
    ../clib/signal.c                         0x00000000   Number         0  defsig_segv_inner.o ABSOLUTE
    ../clib/signal.c                         0x00000000   Number         0  defsig_cppl_inner.o ABSOLUTE
    ../clib/signal.c                         0x00000000   Number         0  defsig_pvfn_inner.o ABSOLUTE
    ../clib/signal.c                         0x00000000   Number         0  defsig_stak_inner.o ABSOLUTE
    ../clib/signal.c                         0x00000000   Number         0  defsig_general.o ABSOLUTE
    ../clib/signal.s                         0x00000000   Number         0  defsig.o ABSOLUTE
    ../clib/stdlib.c                         0x00000000   Number         0  exit.o ABSOLUTE
    ../fplib/fpinit.s                        0x00000000   Number         0  fpinit.o ABSOLUTE
    ADC.c                                    0x00000000   Number         0  adc.o ABSOLUTE
    DAC.c                                    0x00000000   Number         0  dac.o ABSOLUTE
    LCD.s                                    0x00000000   Number         0  lcd.o ABSOLUTE
    PLL.c                                    0x00000000   Number         0  pll.o ABSOLUTE
    Print.s                                  0x00000000   Number         0  print.o ABSOLUTE
    ST7735.c                                 0x00000000   Number         0  st7735.o ABSOLUTE
    Sound.c                                  0x00000000   Number         0  sound.o ABSOLUTE
    SpaceInvaders.c                          0x00000000   Number         0  spaceinvaders.o ABSOLUTE
    TExaS.c                                  0x00000000   Number         0  texas.o ABSOLUTE
    Timer0.c                                 0x00000000   Number         0  timer0.o ABSOLUTE
    Timer1.c                                 0x00000000   Number         0  timer1.o ABSOLUTE
    dc.s                                     0x00000000   Number         0  dc.o ABSOLUTE
    random.s                                 0x00000000   Number         0  random.o ABSOLUTE
    startup.s                                0x00000000   Number         0  startup.o ABSOLUTE
    !!!main                                  0x00000284   Section        8  __main.o(!!!main)
    !!!scatter                               0x0000028c   Section       52  __scatter.o(!!!scatter)
    !!dczerorl2                              0x000002c0   Section       90  __dczerorl2.o(!!dczerorl2)
    !!handler_zi                             0x0000031c   Section       28  __scatter_zi.o(!!handler_zi)
    .ARM.Collect$$libinit$$00000000          0x00000338   Section        2  libinit.o(.ARM.Collect$$libinit$$00000000)
    .ARM.Collect$$libinit$$00000002          0x0000033a   Section        0  libinit2.o(.ARM.Collect$$libinit$$00000002)
    .ARM.Collect$$libinit$$00000004          0x0000033a   Section        0  libinit2.o(.ARM.Collect$$libinit$$00000004)
    .ARM.Collect$$libinit$$0000000A          0x0000033a   Section        0  libinit2.o(.ARM.Collect$$libinit$$0000000A)
    .ARM.Collect$$libinit$$0000000C          0x0000033a   Section        0  libinit2.o(.ARM.Collect$$libinit$$0000000C)
    .ARM.Collect$$libinit$$0000000E          0x0000033a   Section        0  libinit2.o(.ARM.Collect$$libinit$$0000000E)
    .ARM.Collect$$libinit$$00000011          0x0000033a   Section        0  libinit2.o(.ARM.Collect$$libinit$$00000011)
    .ARM.Collect$$libinit$$00000013          0x0000033a   Section        0  libinit2.o(.ARM.Collect$$libinit$$00000013)
    .ARM.Collect$$libinit$$00000015          0x0000033a   Section        0  libinit2.o(.ARM.Collect$$libinit$$00000015)
    .ARM.Collect$$libinit$$00000017          0x0000033a   Section        0  libinit2.o(.ARM.Collect$$libinit$$00000017)
    .ARM.Collect$$libinit$$00000019          0x0000033a   Section        0  libinit2.o(.ARM.Collect$$libinit$$00000019)
    .ARM.Collect$$libinit$$0000001B          0x0000033a   Section        0  libinit2.o(.ARM.Collect$$libinit$$0000001B)
    .ARM.Collect$$libinit$$0000001D          0x0000033a   Section        0  libinit2.o(.ARM.Collect$$libinit$$0000001D)
    .ARM.Collect$$libinit$$0000001F          0x0000033a   Section        0  libinit2.o(.ARM.Collect$$libinit$$0000001F)
    .ARM.Collect$$libinit$$00000021          0x0000033a   Section        0  libinit2.o(.ARM.Collect$$libinit$$00000021)
    .ARM.Collect$$libinit$$00000023          0x0000033a   Section        0  libinit2.o(.ARM.Collect$$libinit$$00000023)
    .ARM.Collect$$libinit$$00000025          0x0000033a   Section        0  libinit2.o(.ARM.Collect$$libinit$$00000025)
    .ARM.Collect$$libinit$$0000002C          0x0000033a   Section        0  libinit2.o(.ARM.Collect$$libinit$$0000002C)
    .ARM.Collect$$libinit$$0000002E          0x0000033a   Section        0  libinit2.o(.ARM.Collect$$libinit$$0000002E)
    .ARM.Collect$$libinit$$00000030          0x0000033a   Section        0  libinit2.o(.ARM.Collect$$libinit$$00000030)
    .ARM.Collect$$libinit$$00000032          0x0000033a   Section        0  libinit2.o(.ARM.Collect$$libinit$$00000032)
    .ARM.Collect$$libinit$$00000033          0x0000033a   Section        2  libinit2.o(.ARM.Collect$$libinit$$00000033)
    .ARM.Collect$$libshutdown$$00000000      0x0000033c   Section        2  libshutdown.o(.ARM.Collect$$libshutdown$$00000000)
    .ARM.Collect$$libshutdown$$00000002      0x0000033e   Section        0  libshutdown2.o(.ARM.Collect$$libshutdown$$00000002)
    .ARM.Collect$$libshutdown$$00000004      0x0000033e   Section        0  libshutdown2.o(.ARM.Collect$$libshutdown$$00000004)
    .ARM.Collect$$libshutdown$$00000006      0x0000033e   Section        0  libshutdown2.o(.ARM.Collect$$libshutdown$$00000006)
    .ARM.Collect$$libshutdown$$00000009      0x0000033e   Section        0  libshutdown2.o(.ARM.Collect$$libshutdown$$00000009)
    .ARM.Collect$$libshutdown$$0000000C      0x0000033e   Section        0  libshutdown2.o(.ARM.Collect$$libshutdown$$0000000C)
    .ARM.Collect$$libshutdown$$0000000E      0x0000033e   Section        0  libshutdown2.o(.ARM.Collect$$libshutdown$$0000000E)
    .ARM.Collect$$libshutdown$$00000011      0x0000033e   Section        0  libshutdown2.o(.ARM.Collect$$libshutdown$$00000011)
    .ARM.Collect$$libshutdown$$00000012      0x0000033e   Section        2  libshutdown2.o(.ARM.Collect$$libshutdown$$00000012)
    .ARM.Collect$$rtentry$$00000000          0x00000340   Section        0  __rtentry.o(.ARM.Collect$$rtentry$$00000000)
    .ARM.Collect$$rtentry$$00000002          0x00000340   Section        0  __rtentry2.o(.ARM.Collect$$rtentry$$00000002)
    .ARM.Collect$$rtentry$$00000004          0x00000340   Section        6  __rtentry4.o(.ARM.Collect$$rtentry$$00000004)
    .ARM.Collect$$rtentry$$00000009          0x00000346   Section        0  __rtentry2.o(.ARM.Collect$$rtentry$$00000009)
    .ARM.Collect$$rtentry$$0000000A          0x00000346   Section        4  __rtentry2.o(.ARM.Collect$$rtentry$$0000000A)
    .ARM.Collect$$rtentry$$0000000C          0x0000034a   Section        0  __rtentry2.o(.ARM.Collect$$rtentry$$0000000C)
    .ARM.Collect$$rtentry$$0000000D          0x0000034a   Section        8  __rtentry2.o(.ARM.Collect$$rtentry$$0000000D)
    .ARM.Collect$$rtexit$$00000000           0x00000352   Section        2  rtexit.o(.ARM.Collect$$rtexit$$00000000)
    .ARM.Collect$$rtexit$$00000002           0x00000354   Section        0  rtexit2.o(.ARM.Collect$$rtexit$$00000002)
    .ARM.Collect$$rtexit$$00000003           0x00000354   Section        4  rtexit2.o(.ARM.Collect$$rtexit$$00000003)
    .ARM.Collect$$rtexit$$00000004           0x00000358   Section        6  rtexit2.o(.ARM.Collect$$rtexit$$00000004)
    .text                                    0x00000360   Section       48  startup.o(.text)
    .text                                    0x00000390   Section       64  random.o(.text)
    .text                                    0x000003d0   Section       84  lcd.o(.text)
    .text                                    0x00000424   Section      248  print.o(.text)
    .text                                    0x0000051c   Section      100  rt_memcpy_w.o(.text)
    .text                                    0x00000580   Section        0  heapauxi.o(.text)
    .text                                    0x00000586   Section       74  sys_stackheap_outer.o(.text)
    .text                                    0x000005d0   Section        0  exit.o(.text)
    .text                                    0x000005e4   Section        8  libspace.o(.text)
    .text                                    0x000005ec   Section        0  sys_exit.o(.text)
    .text                                    0x000005f8   Section        2  use_no_semi.o(.text)
    .text                                    0x000005fa   Section        0  indicate_semi.o(.text)
    i.ADC1_Init                              0x000005fc   Section        0  texas.o(i.ADC1_Init)
    i.ADC_In                                 0x000006c4   Section        0  adc.o(i.ADC_In)
    i.ADC_Init                               0x000006f0   Section        0  adc.o(i.ADC_Init)
    i.DAC_Init                               0x000007dc   Section        0  dac.o(i.DAC_Init)
    i.DAC_Out                                0x00000830   Section        0  dac.o(i.DAC_Out)
    i.Delay1ms                               0x0000083c   Section        0  st7735.o(i.Delay1ms)
    i.HUD                                    0x0000085c   Section        0  spaceinvaders.o(i.HUD)
    i.Init                                   0x000008b0   Section        0  spaceinvaders.o(i.Init)
    i.LogicAnalyzerA                         0x000008e8   Section        0  texas.o(i.LogicAnalyzerA)
    i.LogicAnalyzerB                         0x00000900   Section        0  texas.o(i.LogicAnalyzerB)
    i.LogicAnalyzerC                         0x00000918   Section        0  texas.o(i.LogicAnalyzerC)
    i.LogicAnalyzerE                         0x00000930   Section        0  texas.o(i.LogicAnalyzerE)
    i.LogicAnalyzerF                         0x00000948   Section        0  texas.o(i.LogicAnalyzerF)
    i.Output_Init                            0x00000960   Section        0  st7735.o(i.Output_Init)
    i.PLL_Init                               0x00000970   Section        0  pll.o(i.PLL_Init)
    i.PeriodicTask2_Init                     0x000009ec   Section        0  texas.o(i.PeriodicTask2_Init)
    i.PortE_Init                             0x00000a80   Section        0  spaceinvaders.o(i.PortE_Init)
    i.PortF_Init                             0x00000ac4   Section        0  spaceinvaders.o(i.PortF_Init)
    i.ST7735_Color565                        0x00000b18   Section        0  st7735.o(i.ST7735_Color565)
    i.ST7735_DrawBitmap                      0x00000b30   Section        0  st7735.o(i.ST7735_DrawBitmap)
    i.ST7735_DrawCharS                       0x00000c50   Section        0  st7735.o(i.ST7735_DrawCharS)
    i.ST7735_DrawFastHLine                   0x00000d48   Section        0  st7735.o(i.ST7735_DrawFastHLine)
    i.ST7735_DrawPixel                       0x00000dc4   Section        0  st7735.o(i.ST7735_DrawPixel)
    i.ST7735_DrawString                      0x00000e0c   Section        0  st7735.o(i.ST7735_DrawString)
    i.ST7735_FillRect                        0x00000e60   Section        0  st7735.o(i.ST7735_FillRect)
    i.ST7735_FillScreen                      0x00000f0c   Section        0  st7735.o(i.ST7735_FillScreen)
    i.ST7735_InitR                           0x00000f30   Section        0  st7735.o(i.ST7735_InitR)
    i.ST7735_OutChar                         0x00000fac   Section        0  st7735.o(i.ST7735_OutChar)
    i.ST7735_OutString                       0x00001080   Section        0  st7735.o(i.ST7735_OutString)
    i.ST7735_SetCursor                       0x00001098   Section        0  st7735.o(i.ST7735_SetCursor)
    i.Scope                                  0x000010b8   Section        0  texas.o(i.Scope)
    i.Sound_Explosion                        0x000010cc   Section        0  sound.o(i.Sound_Explosion)
    i.Sound_Init                             0x000010e0   Section        0  sound.o(i.Sound_Init)
    i.Sound_Shoot                            0x00001118   Section        0  sound.o(i.Sound_Shoot)
    i.Sound_Start                            0x0000112c   Section        0  sound.o(i.Sound_Start)
    i.SysTick_Handler                        0x00001154   Section        0  sound.o(i.SysTick_Handler)
    i.TExaS_Init                             0x000011b0   Section        0  texas.o(i.TExaS_Init)
    i.Timer1A_Handler                        0x000012a8   Section        0  spaceinvaders.o(i.Timer1A_Handler)
    i.Timer1_Init                            0x0000195c   Section        0  timer1.o(i.Timer1_Init)
    i.Timer5A_Handler                        0x000019bc   Section        0  texas.o(i.Timer5A_Handler)
    i.UART0_Init                             0x000019d4   Section        0  texas.o(i.UART0_Init)
    i.checkHit                               0x00001a5c   Section        0  spaceinvaders.o(i.checkHit)
    i.checkSpeed                             0x00001c7c   Section        0  spaceinvaders.o(i.checkSpeed)
    i.clipHeight                             0x00001df0   Section        0  spaceinvaders.o(i.clipHeight)
    i.commandList                            0x00001e04   Section        0  st7735.o(i.commandList)
    commandList                              0x00001e05   Thumb Code    86  st7735.o(i.commandList)
    i.commonInit                             0x00001e5c   Section        0  st7735.o(i.commonInit)
    commonInit                               0x00001e5d   Thumb Code   342  st7735.o(i.commonInit)
    i.draw                                   0x00001fe4   Section        0  spaceinvaders.o(i.draw)
    i.gameInit                               0x00002318   Section        0  spaceinvaders.o(i.gameInit)
    i.gameOver                               0x000023c0   Section        0  spaceinvaders.o(i.gameOver)
    i.getDist                                0x00002488   Section        0  spaceinvaders.o(i.getDist)
    i.main                                   0x000024b0   Section        0  spaceinvaders.o(i.main)
    i.mainMenu                               0x000024f0   Section        0  spaceinvaders.o(i.mainMenu)
    i.newGame                                0x0000259c   Section        0  spaceinvaders.o(i.newGame)
    i.pushColor                              0x000025ac   Section        0  st7735.o(i.pushColor)
    pushColor                                0x000025ad   Thumb Code    18  st7735.o(i.pushColor)
    i.setAddrWindow                          0x000025c0   Section        0  st7735.o(i.setAddrWindow)
    setAddrWindow                            0x000025c1   Thumb Code   106  st7735.o(i.setAddrWindow)
    .constdata                               0x00002634   Section     6080  sound.o(.constdata)
    .constdata                               0x00003df4   Section    13874  spaceinvaders.o(.constdata)
    .constdata                               0x00007426   Section     1102  st7735.o(.constdata)
    Font                                     0x00007426   Data         870  st7735.o(.constdata)
    Bcmd                                     0x0000778c   Data         103  st7735.o(.constdata)
    Rcmd1                                    0x000077f3   Data          59  st7735.o(.constdata)
    Rcmd2green                               0x0000782e   Data          13  st7735.o(.constdata)
    Rcmd2red                                 0x0000783b   Data          13  st7735.o(.constdata)
    Rcmd3                                    0x00007848   Data          43  st7735.o(.constdata)
    .data                                    0x20000000   Section       16  sound.o(.data)
    idx                                      0x20000000   Data           4  sound.o(.data)
    flag                                     0x20000004   Data           1  sound.o(.data)
    num                                      0x20000008   Data           4  sound.o(.data)
    WavPt                                    0x2000000c   Data           4  sound.o(.data)
    .data                                    0x20000010   Section     1360  spaceinvaders.o(.data)
    active                                   0x2000055c   Data           4  spaceinvaders.o(.data)
    .data                                    0x20000560   Section       44  st7735.o(.data)
    ColStart                                 0x2000056a   Data           1  st7735.o(.data)
    RowStart                                 0x2000056b   Data           1  st7735.o(.data)
    Rotation                                 0x2000056c   Data           1  st7735.o(.data)
    TabColor                                 0x2000056d   Data           1  st7735.o(.data)
    _width                                   0x2000056e   Data           2  st7735.o(.data)
    _height                                  0x20000570   Data           2  st7735.o(.data)
    .data                                    0x2000058c   Section        4  texas.o(.data)
    DATA                                     0x20000590   Section        4  random.o(DATA)
    M                                        0x20000590   Data           4  random.o(DATA)
    .bss                                     0x20000594   Section       96  libspace.o(.bss)
    HEAP                                     0x200005f8   Section        0  startup.o(HEAP)
    STACK                                    0x200005f8   Section     1024  startup.o(STACK)
    HeapMem                                  0x200005f8   Data           0  startup.o(HEAP)
    StackMem                                 0x200005f8   Data           0  startup.o(STACK)

    Global Symbols

    Symbol Name                              Value     Ov Type        Size  Object(Section)

    BuildAttributes$$THM_ISAv4$E$P$D$K$B$S$7EM$PE$A:L22UL41UL21$X:L11$S22US41US21$IEEE1$IW$USESV6$~STKCKD$USESV7$~SHL$OSPACE$ROPI$EBA8$UX$STANDARDLIB$REQ8$PRES8$EABIv2 0x00000000   Number         0  anon$$obj.o ABSOLUTE
    __ARM_use_no_argv                        0x00000000   Number         0  spaceinvaders.o ABSOLUTE
    __Vectors                                0x00000000   Data           0  startup.o(RESET)
    __ARM_exceptions_init                     - Undefined Weak Reference
    __alloca_initialize                       - Undefined Weak Reference
    __arm_fini_                               - Undefined Weak Reference
    __arm_preinit_                            - Undefined Weak Reference
    __cpp_initialize__aeabi_                  - Undefined Weak Reference
    __cxa_finalize                            - Undefined Weak Reference
    __rt_locale                               - Undefined Weak Reference
    __sigvec_lookup                           - Undefined Weak Reference
    _atexit_init                              - Undefined Weak Reference
    _call_atexit_fns                          - Undefined Weak Reference
    _clock_init                               - Undefined Weak Reference
    _fp_trap_init                             - Undefined Weak Reference
    _fp_trap_shutdown                         - Undefined Weak Reference
    _get_lc_collate                           - Undefined Weak Reference
    _get_lc_ctype                             - Undefined Weak Reference
    _get_lc_monetary                          - Undefined Weak Reference
    _get_lc_numeric                           - Undefined Weak Reference
    _get_lc_time                              - Undefined Weak Reference
    _getenv_init                              - Undefined Weak Reference
    _handle_redirection                       - Undefined Weak Reference
    _init_alloc                               - Undefined Weak Reference
    _init_user_alloc                          - Undefined Weak Reference
    _initio                                   - Undefined Weak Reference
    _rand_init                                - Undefined Weak Reference
    _signal_finish                            - Undefined Weak Reference
    _signal_init                              - Undefined Weak Reference
    _terminate_alloc                          - Undefined Weak Reference
    _terminate_user_alloc                     - Undefined Weak Reference
    _terminateio                              - Undefined Weak Reference
    Reset_Handler                            0x0000026d   Thumb Code     0  startup.o(RESET)
    NMI_Handler                              0x00000271   Thumb Code     2  startup.o(RESET)
    HardFault_Handler                        0x00000273   Thumb Code     2  startup.o(RESET)
    MemManage_Handler                        0x00000275   Thumb Code     2  startup.o(RESET)
    BusFault_Handler                         0x00000277   Thumb Code     2  startup.o(RESET)
    UsageFault_Handler                       0x00000279   Thumb Code     2  startup.o(RESET)
    SVC_Handler                              0x0000027b   Thumb Code     2  startup.o(RESET)
    DebugMon_Handler                         0x0000027d   Thumb Code     2  startup.o(RESET)
    PendSV_Handler                           0x0000027f   Thumb Code     2  startup.o(RESET)
    ADC0Seq0_Handler                         0x00000283   Thumb Code     0  startup.o(RESET)
    ADC0Seq1_Handler                         0x00000283   Thumb Code     0  startup.o(RESET)
    ADC0Seq2_Handler                         0x00000283   Thumb Code     0  startup.o(RESET)
    ADC0Seq3_Handler                         0x00000283   Thumb Code     0  startup.o(RESET)
    ADC1Seq0_Handler                         0x00000283   Thumb Code     0  startup.o(RESET)
    ADC1Seq1_Handler                         0x00000283   Thumb Code     0  startup.o(RESET)
    ADC1Seq2_Handler                         0x00000283   Thumb Code     0  startup.o(RESET)
    ADC1Seq3_Handler                         0x00000283   Thumb Code     0  startup.o(RESET)
    CAN0_Handler                             0x00000283   Thumb Code     0  startup.o(RESET)
    CAN1_Handler                             0x00000283   Thumb Code     0  startup.o(RESET)
    CAN2_Handler                             0x00000283   Thumb Code     0  startup.o(RESET)
    Comp0_Handler                            0x00000283   Thumb Code     0  startup.o(RESET)
    Comp1_Handler                            0x00000283   Thumb Code     0  startup.o(RESET)
    Comp2_Handler                            0x00000283   Thumb Code     0  startup.o(RESET)
    Ethernet_Handler                         0x00000283   Thumb Code     0  startup.o(RESET)
    ExtBus_Handler                           0x00000283   Thumb Code     0  startup.o(RESET)
    FPU_Handler                              0x00000283   Thumb Code     0  startup.o(RESET)
    Fan0_Handler                             0x00000283   Thumb Code     0  startup.o(RESET)
    FlashCtl_Handler                         0x00000283   Thumb Code     0  startup.o(RESET)
    GPIOPortA_Handler                        0x00000283   Thumb Code     0  startup.o(RESET)
    GPIOPortB_Handler                        0x00000283   Thumb Code     0  startup.o(RESET)
    GPIOPortC_Handler                        0x00000283   Thumb Code     0  startup.o(RESET)
    GPIOPortD_Handler                        0x00000283   Thumb Code     0  startup.o(RESET)
    GPIOPortE_Handler                        0x00000283   Thumb Code     0  startup.o(RESET)
    GPIOPortF_Handler                        0x00000283   Thumb Code     0  startup.o(RESET)
    GPIOPortG_Handler                        0x00000283   Thumb Code     0  startup.o(RESET)
    GPIOPortH_Handler                        0x00000283   Thumb Code     0  startup.o(RESET)
    GPIOPortJ_Handler                        0x00000283   Thumb Code     0  startup.o(RESET)
    GPIOPortK_Handler                        0x00000283   Thumb Code     0  startup.o(RESET)
    GPIOPortL_Handler                        0x00000283   Thumb Code     0  startup.o(RESET)
    GPIOPortM_Handler                        0x00000283   Thumb Code     0  startup.o(RESET)
    GPIOPortN_Handler                        0x00000283   Thumb Code     0  startup.o(RESET)
    GPIOPortP1_Handler                       0x00000283   Thumb Code     0  startup.o(RESET)
    GPIOPortP2_Handler                       0x00000283   Thumb Code     0  startup.o(RESET)
    GPIOPortP3_Handler                       0x00000283   Thumb Code     0  startup.o(RESET)
    GPIOPortP4_Handler                       0x00000283   Thumb Code     0  startup.o(RESET)
    GPIOPortP5_Handler                       0x00000283   Thumb Code     0  startup.o(RESET)
    GPIOPortP6_Handler                       0x00000283   Thumb Code     0  startup.o(RESET)
    GPIOPortP7_Handler                       0x00000283   Thumb Code     0  startup.o(RESET)
    GPIOPortP_Handler                        0x00000283   Thumb Code     0  startup.o(RESET)
    GPIOPortQ1_Handler                       0x00000283   Thumb Code     0  startup.o(RESET)
    GPIOPortQ2_Handler                       0x00000283   Thumb Code     0  startup.o(RESET)
    GPIOPortQ3_Handler                       0x00000283   Thumb Code     0  startup.o(RESET)
    GPIOPortQ4_Handler                       0x00000283   Thumb Code     0  startup.o(RESET)
    GPIOPortQ5_Handler                       0x00000283   Thumb Code     0  startup.o(RESET)
    GPIOPortQ6_Handler                       0x00000283   Thumb Code     0  startup.o(RESET)
    GPIOPortQ7_Handler                       0x00000283   Thumb Code     0  startup.o(RESET)
    GPIOPortQ_Handler                        0x00000283   Thumb Code     0  startup.o(RESET)
    GPIOPortR_Handler                        0x00000283   Thumb Code     0  startup.o(RESET)
    GPIOPortS_Handler                        0x00000283   Thumb Code     0  startup.o(RESET)
    Hibernate_Handler                        0x00000283   Thumb Code     0  startup.o(RESET)
    I2C0_Handler                             0x00000283   Thumb Code     0  startup.o(RESET)
    I2C1_Handler                             0x00000283   Thumb Code     0  startup.o(RESET)
    I2C2_Handler                             0x00000283   Thumb Code     0  startup.o(RESET)
    I2C3_Handler                             0x00000283   Thumb Code     0  startup.o(RESET)
    I2C4_Handler                             0x00000283   Thumb Code     0  startup.o(RESET)
    I2C5_Handler                             0x00000283   Thumb Code     0  startup.o(RESET)
    I2S0_Handler                             0x00000283   Thumb Code     0  startup.o(RESET)
    LPC0_Handler                             0x00000283   Thumb Code     0  startup.o(RESET)
    PECI0_Handler                            0x00000283   Thumb Code     0  startup.o(RESET)
    PWM0Fault_Handler                        0x00000283   Thumb Code     0  startup.o(RESET)
    PWM0Generator0_Handler                   0x00000283   Thumb Code     0  startup.o(RESET)
    PWM0Generator1_Handler                   0x00000283   Thumb Code     0  startup.o(RESET)
    PWM0Generator2_Handler                   0x00000283   Thumb Code     0  startup.o(RESET)
    PWM0Generator3_Handler                   0x00000283   Thumb Code     0  startup.o(RESET)
    PWM1Fault_Handler                        0x00000283   Thumb Code     0  startup.o(RESET)
    PWM1Generator0_Handler                   0x00000283   Thumb Code     0  startup.o(RESET)
    PWM1Generator1_Handler                   0x00000283   Thumb Code     0  startup.o(RESET)
    PWM1Generator2_Handler                   0x00000283   Thumb Code     0  startup.o(RESET)
    PWM1Generator3_Handler                   0x00000283   Thumb Code     0  startup.o(RESET)
    Quadrature0_Handler                      0x00000283   Thumb Code     0  startup.o(RESET)
    Quadrature1_Handler                      0x00000283   Thumb Code     0  startup.o(RESET)
    Quadrature2_Handler                      0x00000283   Thumb Code     0  startup.o(RESET)
    SSI0_Handler                             0x00000283   Thumb Code     0  startup.o(RESET)
    SSI1_Handler                             0x00000283   Thumb Code     0  startup.o(RESET)
    SSI2_Handler                             0x00000283   Thumb Code     0  startup.o(RESET)
    SSI3_Handler                             0x00000283   Thumb Code     0  startup.o(RESET)
    SysCtl_Handler                           0x00000283   Thumb Code     0  startup.o(RESET)
    Timer0A_Handler                          0x00000283   Thumb Code     0  startup.o(RESET)
    Timer0B_Handler                          0x00000283   Thumb Code     0  startup.o(RESET)
    Timer1B_Handler                          0x00000283   Thumb Code     0  startup.o(RESET)
    Timer2A_Handler                          0x00000283   Thumb Code     0  startup.o(RESET)
    Timer2B_Handler                          0x00000283   Thumb Code     0  startup.o(RESET)
    Timer3A_Handler                          0x00000283   Thumb Code     0  startup.o(RESET)
    Timer3B_Handler                          0x00000283   Thumb Code     0  startup.o(RESET)
    Timer4A_Handler                          0x00000283   Thumb Code     0  startup.o(RESET)
    Timer4B_Handler                          0x00000283   Thumb Code     0  startup.o(RESET)
    Timer5B_Handler                          0x00000283   Thumb Code     0  startup.o(RESET)
    UART0_Handler                            0x00000283   Thumb Code     0  startup.o(RESET)
    UART1_Handler                            0x00000283   Thumb Code     0  startup.o(RESET)
    UART2_Handler                            0x00000283   Thumb Code     0  startup.o(RESET)
    UART3_Handler                            0x00000283   Thumb Code     0  startup.o(RESET)
    UART4_Handler                            0x00000283   Thumb Code     0  startup.o(RESET)
    UART5_Handler                            0x00000283   Thumb Code     0  startup.o(RESET)
    UART6_Handler                            0x00000283   Thumb Code     0  startup.o(RESET)
    UART7_Handler                            0x00000283   Thumb Code     0  startup.o(RESET)
    USB0_Handler                             0x00000283   Thumb Code     0  startup.o(RESET)
    WDT_Handler                              0x00000283   Thumb Code     0  startup.o(RESET)
    WideTimer0A_Handler                      0x00000283   Thumb Code     0  startup.o(RESET)
    WideTimer0B_Handler                      0x00000283   Thumb Code     0  startup.o(RESET)
    WideTimer1A_Handler                      0x00000283   Thumb Code     0  startup.o(RESET)
    WideTimer1B_Handler                      0x00000283   Thumb Code     0  startup.o(RESET)
    WideTimer2A_Handler                      0x00000283   Thumb Code     0  startup.o(RESET)
    WideTimer2B_Handler                      0x00000283   Thumb Code     0  startup.o(RESET)
    WideTimer3A_Handler                      0x00000283   Thumb Code     0  startup.o(RESET)
    WideTimer3B_Handler                      0x00000283   Thumb Code     0  startup.o(RESET)
    WideTimer4A_Handler                      0x00000283   Thumb Code     0  startup.o(RESET)
    WideTimer4B_Handler                      0x00000283   Thumb Code     0  startup.o(RESET)
    WideTimer5A_Handler                      0x00000283   Thumb Code     0  startup.o(RESET)
    WideTimer5B_Handler                      0x00000283   Thumb Code     0  startup.o(RESET)
    uDMA_Error                               0x00000283   Thumb Code     0  startup.o(RESET)
    uDMA_Handler                             0x00000283   Thumb Code     0  startup.o(RESET)
    __main                                   0x00000285   Thumb Code     8  __main.o(!!!main)
    __scatterload                            0x0000028d   Thumb Code     0  __scatter.o(!!!scatter)
    __scatterload_rt2                        0x0000028d   Thumb Code    44  __scatter.o(!!!scatter)
    __scatterload_rt2_thumb_only             0x0000028d   Thumb Code     0  __scatter.o(!!!scatter)
    __scatterload_null                       0x0000029b   Thumb Code     0  __scatter.o(!!!scatter)
    __decompress                             0x000002c1   Thumb Code    90  __dczerorl2.o(!!dczerorl2)
    __decompress1                            0x000002c1   Thumb Code     0  __dczerorl2.o(!!dczerorl2)
    __scatterload_zeroinit                   0x0000031d   Thumb Code    28  __scatter_zi.o(!!handler_zi)
    __rt_lib_init                            0x00000339   Thumb Code     0  libinit.o(.ARM.Collect$$libinit$$00000000)
    __rt_lib_init_alloca_1                   0x0000033b   Thumb Code     0  libinit2.o(.ARM.Collect$$libinit$$0000002E)
    __rt_lib_init_argv_1                     0x0000033b   Thumb Code     0  libinit2.o(.ARM.Collect$$libinit$$0000002C)
    __rt_lib_init_atexit_1                   0x0000033b   Thumb Code     0  libinit2.o(.ARM.Collect$$libinit$$0000001B)
    __rt_lib_init_clock_1                    0x0000033b   Thumb Code     0  libinit2.o(.ARM.Collect$$libinit$$00000021)
    __rt_lib_init_cpp_1                      0x0000033b   Thumb Code     0  libinit2.o(.ARM.Collect$$libinit$$00000032)
    __rt_lib_init_exceptions_1               0x0000033b   Thumb Code     0  libinit2.o(.ARM.Collect$$libinit$$00000030)
    __rt_lib_init_fp_1                       0x0000033b   Thumb Code     0  libinit2.o(.ARM.Collect$$libinit$$00000002)
    __rt_lib_init_fp_trap_1                  0x0000033b   Thumb Code     0  libinit2.o(.ARM.Collect$$libinit$$0000001F)
    __rt_lib_init_getenv_1                   0x0000033b   Thumb Code     0  libinit2.o(.ARM.Collect$$libinit$$00000023)
    __rt_lib_init_heap_1                     0x0000033b   Thumb Code     0  libinit2.o(.ARM.Collect$$libinit$$0000000A)
    __rt_lib_init_lc_collate_1               0x0000033b   Thumb Code     0  libinit2.o(.ARM.Collect$$libinit$$00000011)
    __rt_lib_init_lc_ctype_1                 0x0000033b   Thumb Code     0  libinit2.o(.ARM.Collect$$libinit$$00000013)
    __rt_lib_init_lc_monetary_1              0x0000033b   Thumb Code     0  libinit2.o(.ARM.Collect$$libinit$$00000015)
    __rt_lib_init_lc_numeric_1               0x0000033b   Thumb Code     0  libinit2.o(.ARM.Collect$$libinit$$00000017)
    __rt_lib_init_lc_time_1                  0x0000033b   Thumb Code     0  libinit2.o(.ARM.Collect$$libinit$$00000019)
    __rt_lib_init_preinit_1                  0x0000033b   Thumb Code     0  libinit2.o(.ARM.Collect$$libinit$$00000004)
    __rt_lib_init_rand_1                     0x0000033b   Thumb Code     0  libinit2.o(.ARM.Collect$$libinit$$0000000E)
    __rt_lib_init_return                     0x0000033b   Thumb Code     0  libinit2.o(.ARM.Collect$$libinit$$00000033)
    __rt_lib_init_signal_1                   0x0000033b   Thumb Code     0  libinit2.o(.ARM.Collect$$libinit$$0000001D)
    __rt_lib_init_stdio_1                    0x0000033b   Thumb Code     0  libinit2.o(.ARM.Collect$$libinit$$00000025)
    __rt_lib_init_user_alloc_1               0x0000033b   Thumb Code     0  libinit2.o(.ARM.Collect$$libinit$$0000000C)
    __rt_lib_shutdown                        0x0000033d   Thumb Code     0  libshutdown.o(.ARM.Collect$$libshutdown$$00000000)
    __rt_lib_shutdown_cpp_1                  0x0000033f   Thumb Code     0  libshutdown2.o(.ARM.Collect$$libshutdown$$00000004)
    __rt_lib_shutdown_fini_1                 0x0000033f   Thumb Code     0  libshutdown2.o(.ARM.Collect$$libshutdown$$00000002)
    __rt_lib_shutdown_fp_trap_1              0x0000033f   Thumb Code     0  libshutdown2.o(.ARM.Collect$$libshutdown$$00000009)
    __rt_lib_shutdown_heap_1                 0x0000033f   Thumb Code     0  libshutdown2.o(.ARM.Collect$$libshutdown$$00000011)
    __rt_lib_shutdown_return                 0x0000033f   Thumb Code     0  libshutdown2.o(.ARM.Collect$$libshutdown$$00000012)
    __rt_lib_shutdown_signal_1               0x0000033f   Thumb Code     0  libshutdown2.o(.ARM.Collect$$libshutdown$$0000000C)
    __rt_lib_shutdown_stdio_1                0x0000033f   Thumb Code     0  libshutdown2.o(.ARM.Collect$$libshutdown$$00000006)
    __rt_lib_shutdown_user_alloc_1           0x0000033f   Thumb Code     0  libshutdown2.o(.ARM.Collect$$libshutdown$$0000000E)
    __rt_entry                               0x00000341   Thumb Code     0  __rtentry.o(.ARM.Collect$$rtentry$$00000000)
    __rt_entry_presh_1                       0x00000341   Thumb Code     0  __rtentry2.o(.ARM.Collect$$rtentry$$00000002)
    __rt_entry_sh                            0x00000341   Thumb Code     0  __rtentry4.o(.ARM.Collect$$rtentry$$00000004)
    __rt_entry_li                            0x00000347   Thumb Code     0  __rtentry2.o(.ARM.Collect$$rtentry$$0000000A)
    __rt_entry_postsh_1                      0x00000347   Thumb Code     0  __rtentry2.o(.ARM.Collect$$rtentry$$00000009)
    __rt_entry_main                          0x0000034b   Thumb Code     0  __rtentry2.o(.ARM.Collect$$rtentry$$0000000D)
    __rt_entry_postli_1                      0x0000034b   Thumb Code     0  __rtentry2.o(.ARM.Collect$$rtentry$$0000000C)
    __rt_exit                                0x00000353   Thumb Code     0  rtexit.o(.ARM.Collect$$rtexit$$00000000)
    __rt_exit_ls                             0x00000355   Thumb Code     0  rtexit2.o(.ARM.Collect$$rtexit$$00000003)
    __rt_exit_prels_1                        0x00000355   Thumb Code     0  rtexit2.o(.ARM.Collect$$rtexit$$00000002)
    __rt_exit_exit                           0x00000359   Thumb Code     0  rtexit2.o(.ARM.Collect$$rtexit$$00000004)
    DisableInterrupts                        0x00000361   Thumb Code     0  startup.o(.text)
    EnableInterrupts                         0x00000365   Thumb Code     0  startup.o(.text)
    StartCritical                            0x00000369   Thumb Code     0  startup.o(.text)
    EndCritical                              0x00000371   Thumb Code     0  startup.o(.text)
    WaitForInterrupt                         0x00000377   Thumb Code     0  startup.o(.text)
    __user_initial_stackheap                 0x0000037b   Thumb Code     0  startup.o(.text)
    Random_Init                              0x00000391   Thumb Code     0  random.o(.text)
    Random32                                 0x0000039b   Thumb Code     2  random.o(.text)
    Random                                   0x000003ad   Thumb Code     2  random.o(.text)
    writecommand                             0x000003d1   Thumb Code     0  lcd.o(.text)
    writedata                                0x000003f9   Thumb Code     0  lcd.o(.text)
    LCD_OutDec                               0x00000425   Thumb Code     0  print.o(.text)
    LCD_OutFix                               0x0000048b   Thumb Code     0  print.o(.text)
    __aeabi_memcpy4                          0x0000051d   Thumb Code     0  rt_memcpy_w.o(.text)
    __aeabi_memcpy8                          0x0000051d   Thumb Code     0  rt_memcpy_w.o(.text)
    __rt_memcpy_w                            0x0000051d   Thumb Code   100  rt_memcpy_w.o(.text)
    _memcpy_lastbytes_aligned                0x00000565   Thumb Code     0  rt_memcpy_w.o(.text)
    __use_two_region_memory                  0x00000581   Thumb Code     2  heapauxi.o(.text)
    __rt_heap_escrow$2region                 0x00000583   Thumb Code     2  heapauxi.o(.text)
    __rt_heap_expand$2region                 0x00000585   Thumb Code     2  heapauxi.o(.text)
    __user_setup_stackheap                   0x00000587   Thumb Code    74  sys_stackheap_outer.o(.text)
    exit                                     0x000005d1   Thumb Code    18  exit.o(.text)
    __user_libspace                          0x000005e5   Thumb Code     8  libspace.o(.text)
    __user_perproc_libspace                  0x000005e5   Thumb Code     0  libspace.o(.text)
    __user_perthread_libspace                0x000005e5   Thumb Code     0  libspace.o(.text)
    _sys_exit                                0x000005ed   Thumb Code     8  sys_exit.o(.text)
    __I$use$semihosting                      0x000005f9   Thumb Code     0  use_no_semi.o(.text)
    __use_no_semihosting_swi                 0x000005f9   Thumb Code     2  use_no_semi.o(.text)
    __semihosting_library_function           0x000005fb   Thumb Code     0  indicate_semi.o(.text)
    ADC1_Init                                0x000005fd   Thumb Code   176  texas.o(i.ADC1_Init)
    ADC_In                                   0x000006c5   Thumb Code    38  adc.o(i.ADC_In)
    ADC_Init                                 0x000006f1   Thumb Code   210  adc.o(i.ADC_Init)
    DAC_Init                                 0x000007dd   Thumb Code    68  dac.o(i.DAC_Init)
    DAC_Out                                  0x00000831   Thumb Code     6  dac.o(i.DAC_Out)
    Delay1ms                                 0x0000083d   Thumb Code    32  st7735.o(i.Delay1ms)
    HUD                                      0x0000085d   Thumb Code    74  spaceinvaders.o(i.HUD)
    Init                                     0x000008b1   Thumb Code    52  spaceinvaders.o(i.Init)
    LogicAnalyzerA                           0x000008e9   Thumb Code    16  texas.o(i.LogicAnalyzerA)
    LogicAnalyzerB                           0x00000901   Thumb Code    14  texas.o(i.LogicAnalyzerB)
    LogicAnalyzerC                           0x00000919   Thumb Code    16  texas.o(i.LogicAnalyzerC)
    LogicAnalyzerE                           0x00000931   Thumb Code    14  texas.o(i.LogicAnalyzerE)
    LogicAnalyzerF                           0x00000949   Thumb Code    14  texas.o(i.LogicAnalyzerF)
    Output_Init                              0x00000961   Thumb Code    16  st7735.o(i.Output_Init)
    PLL_Init                                 0x00000971   Thumb Code   120  pll.o(i.PLL_Init)
    PeriodicTask2_Init                       0x000009ed   Thumb Code   128  texas.o(i.PeriodicTask2_Init)
    PortE_Init                               0x00000a81   Thumb Code    52  spaceinvaders.o(i.PortE_Init)
    PortF_Init                               0x00000ac5   Thumb Code    68  spaceinvaders.o(i.PortF_Init)
    ST7735_Color565                          0x00000b19   Thumb Code    24  st7735.o(i.ST7735_Color565)
    ST7735_DrawBitmap                        0x00000b31   Thumb Code   280  st7735.o(i.ST7735_DrawBitmap)
    ST7735_DrawCharS                         0x00000c51   Thumb Code   236  st7735.o(i.ST7735_DrawCharS)
    ST7735_DrawFastHLine                     0x00000d49   Thumb Code   116  st7735.o(i.ST7735_DrawFastHLine)
    ST7735_DrawPixel                         0x00000dc5   Thumb Code    64  st7735.o(i.ST7735_DrawPixel)
    ST7735_DrawString                        0x00000e0d   Thumb Code    84  st7735.o(i.ST7735_DrawString)
    ST7735_FillRect                          0x00000e61   Thumb Code   164  st7735.o(i.ST7735_FillRect)
    ST7735_FillScreen                        0x00000f0d   Thumb Code    28  st7735.o(i.ST7735_FillScreen)
    ST7735_InitR                             0x00000f31   Thumb Code    90  st7735.o(i.ST7735_InitR)
    ST7735_OutChar                           0x00000fad   Thumb Code   176  st7735.o(i.ST7735_OutChar)
    ST7735_OutString                         0x00001081   Thumb Code    22  st7735.o(i.ST7735_OutString)
    ST7735_SetCursor                         0x00001099   Thumb Code    22  st7735.o(i.ST7735_SetCursor)
    Scope                                    0x000010b9   Thumb Code    12  texas.o(i.Scope)
    Sound_Explosion                          0x000010cd   Thumb Code    14  sound.o(i.Sound_Explosion)
    Sound_Init                               0x000010e1   Thumb Code    50  sound.o(i.Sound_Init)
    Sound_Shoot                              0x00001119   Thumb Code    14  sound.o(i.Sound_Shoot)
    Sound_Start                              0x0000112d   Thumb Code    22  sound.o(i.Sound_Start)
    SysTick_Handler                          0x00001155   Thumb Code    66  sound.o(i.SysTick_Handler)
    TExaS_Init                               0x000011b1   Thumb Code   214  texas.o(i.TExaS_Init)
    Timer1A_Handler                          0x000012a9   Thumb Code  1686  spaceinvaders.o(i.Timer1A_Handler)
    Timer1_Init                              0x0000195d   Thumb Code    78  timer1.o(i.Timer1_Init)
    Timer5A_Handler                          0x000019bd   Thumb Code    16  texas.o(i.Timer5A_Handler)
    UART0_Init                               0x000019d5   Thumb Code   118  texas.o(i.UART0_Init)
    checkHit                                 0x00001a5d   Thumb Code   516  spaceinvaders.o(i.checkHit)
    checkSpeed                               0x00001c7d   Thumb Code   368  spaceinvaders.o(i.checkSpeed)
    clipHeight                               0x00001df1   Thumb Code    20  spaceinvaders.o(i.clipHeight)
    draw                                     0x00001fe5   Thumb Code   790  spaceinvaders.o(i.draw)
    gameInit                                 0x00002319   Thumb Code   128  spaceinvaders.o(i.gameInit)
    gameOver                                 0x000023c1   Thumb Code   170  spaceinvaders.o(i.gameOver)
    getDist                                  0x00002489   Thumb Code    38  spaceinvaders.o(i.getDist)
    main                                     0x000024b1   Thumb Code    54  spaceinvaders.o(i.main)
    mainMenu                                 0x000024f1   Thumb Code   140  spaceinvaders.o(i.mainMenu)
    newGame                                  0x0000259d   Thumb Code    16  spaceinvaders.o(i.newGame)
    shoot                                    0x00002634   Data        4080  sound.o(.constdata)
    explosion                                0x00003624   Data        2000  sound.o(.constdata)
    ship0                                    0x00003df4   Data         162  spaceinvaders.o(.constdata)
    ship1                                    0x00003e96   Data         162  spaceinvaders.o(.constdata)
    ship2                                    0x00003f38   Data         162  spaceinvaders.o(.constdata)
    ship3                                    0x00003fda   Data         162  spaceinvaders.o(.constdata)
    ship4                                    0x0000407c   Data         162  spaceinvaders.o(.constdata)
    ship5                                    0x0000411e   Data         162  spaceinvaders.o(.constdata)
    ship6                                    0x000041c0   Data         162  spaceinvaders.o(.constdata)
    ship7                                    0x00004262   Data         162  spaceinvaders.o(.constdata)
    flare0                                   0x00004304   Data          50  spaceinvaders.o(.constdata)
    flare1                                   0x00004336   Data          50  spaceinvaders.o(.constdata)
    flare2                                   0x00004368   Data          50  spaceinvaders.o(.constdata)
    flare3                                   0x0000439a   Data          50  spaceinvaders.o(.constdata)
    flare4                                   0x000043cc   Data          50  spaceinvaders.o(.constdata)
    flare5                                   0x000043fe   Data          50  spaceinvaders.o(.constdata)
    flare6                                   0x00004430   Data          50  spaceinvaders.o(.constdata)
    flare7                                   0x00004462   Data          50  spaceinvaders.o(.constdata)
    flaredeath0                              0x00004494   Data          50  spaceinvaders.o(.constdata)
    missile0                                 0x000044c6   Data          98  spaceinvaders.o(.constdata)
    missile1                                 0x00004528   Data          98  spaceinvaders.o(.constdata)
    missile2                                 0x0000458a   Data          98  spaceinvaders.o(.constdata)
    missile3                                 0x000045ec   Data          98  spaceinvaders.o(.constdata)
    missile4                                 0x0000464e   Data          98  spaceinvaders.o(.constdata)
    missile5                                 0x000046b0   Data          98  spaceinvaders.o(.constdata)
    missile6                                 0x00004712   Data          98  spaceinvaders.o(.constdata)
    missile7                                 0x00004774   Data          98  spaceinvaders.o(.constdata)
    explosion0                               0x000047d6   Data          98  spaceinvaders.o(.constdata)
    explosion1                               0x00004838   Data          98  spaceinvaders.o(.constdata)
    explosion2                               0x0000489a   Data          98  spaceinvaders.o(.constdata)
    explosion3                               0x000048fc   Data          98  spaceinvaders.o(.constdata)
    explosion4                               0x0000495e   Data          98  spaceinvaders.o(.constdata)
    explosion5                               0x000049c0   Data          98  spaceinvaders.o(.constdata)
    explosion6                               0x00004a22   Data          98  spaceinvaders.o(.constdata)
    explosion7                               0x00004a84   Data          98  spaceinvaders.o(.constdata)
    ship00                                   0x00004ae6   Data         162  spaceinvaders.o(.constdata)
    ship01                                   0x00004b88   Data         162  spaceinvaders.o(.constdata)
    ship02                                   0x00004c2a   Data         162  spaceinvaders.o(.constdata)
    ship03                                   0x00004ccc   Data         162  spaceinvaders.o(.constdata)
    ship04                                   0x00004d6e   Data         162  spaceinvaders.o(.constdata)
    ship05                                   0x00004e10   Data         162  spaceinvaders.o(.constdata)
    ship06                                   0x00004eb2   Data         162  spaceinvaders.o(.constdata)
    ship07                                   0x00004f54   Data         162  spaceinvaders.o(.constdata)
    ship10                                   0x00004ff6   Data         162  spaceinvaders.o(.constdata)
    ship11                                   0x00005098   Data         162  spaceinvaders.o(.constdata)
    ship12                                   0x0000513a   Data         162  spaceinvaders.o(.constdata)
    ship13                                   0x000051dc   Data         162  spaceinvaders.o(.constdata)
    ship14                                   0x0000527e   Data         162  spaceinvaders.o(.constdata)
    ship15                                   0x00005320   Data         162  spaceinvaders.o(.constdata)
    ship16                                   0x000053c2   Data         162  spaceinvaders.o(.constdata)
    ship17                                   0x00005464   Data         162  spaceinvaders.o(.constdata)
    ship20                                   0x00005506   Data         162  spaceinvaders.o(.constdata)
    ship21                                   0x000055a8   Data         162  spaceinvaders.o(.constdata)
    ship22                                   0x0000564a   Data         162  spaceinvaders.o(.constdata)
    ship23                                   0x000056ec   Data         162  spaceinvaders.o(.constdata)
    ship24                                   0x0000578e   Data         162  spaceinvaders.o(.constdata)
    ship25                                   0x00005830   Data         162  spaceinvaders.o(.constdata)
    ship26                                   0x000058d2   Data         162  spaceinvaders.o(.constdata)
    ship27                                   0x00005974   Data         162  spaceinvaders.o(.constdata)
    ship30                                   0x00005a16   Data         162  spaceinvaders.o(.constdata)
    ship31                                   0x00005ab8   Data         162  spaceinvaders.o(.constdata)
    ship32                                   0x00005b5a   Data         162  spaceinvaders.o(.constdata)
    ship33                                   0x00005bfc   Data         162  spaceinvaders.o(.constdata)
    ship34                                   0x00005c9e   Data         162  spaceinvaders.o(.constdata)
    ship35                                   0x00005d40   Data         162  spaceinvaders.o(.constdata)
    ship36                                   0x00005de2   Data         162  spaceinvaders.o(.constdata)
    ship37                                   0x00005e84   Data         162  spaceinvaders.o(.constdata)
    ship40                                   0x00005f26   Data         162  spaceinvaders.o(.constdata)
    ship41                                   0x00005fc8   Data         162  spaceinvaders.o(.constdata)
    ship42                                   0x0000606a   Data         162  spaceinvaders.o(.constdata)
    ship43                                   0x0000610c   Data         162  spaceinvaders.o(.constdata)
    ship44                                   0x000061ae   Data         162  spaceinvaders.o(.constdata)
    ship45                                   0x00006250   Data         162  spaceinvaders.o(.constdata)
    ship46                                   0x000062f2   Data         162  spaceinvaders.o(.constdata)
    ship47                                   0x00006394   Data         162  spaceinvaders.o(.constdata)
    ship50                                   0x00006436   Data         162  spaceinvaders.o(.constdata)
    ship51                                   0x000064d8   Data         162  spaceinvaders.o(.constdata)
    ship52                                   0x0000657a   Data         162  spaceinvaders.o(.constdata)
    ship53                                   0x0000661c   Data         162  spaceinvaders.o(.constdata)
    ship54                                   0x000066be   Data         162  spaceinvaders.o(.constdata)
    ship55                                   0x00006760   Data         162  spaceinvaders.o(.constdata)
    ship56                                   0x00006802   Data         162  spaceinvaders.o(.constdata)
    ship57                                   0x000068a4   Data         162  spaceinvaders.o(.constdata)
    ship60                                   0x00006946   Data         162  spaceinvaders.o(.constdata)
    ship61                                   0x000069e8   Data         162  spaceinvaders.o(.constdata)
    ship62                                   0x00006a8a   Data         162  spaceinvaders.o(.constdata)
    ship63                                   0x00006b2c   Data         162  spaceinvaders.o(.constdata)
    ship64                                   0x00006bce   Data         162  spaceinvaders.o(.constdata)
    ship65                                   0x00006c70   Data         162  spaceinvaders.o(.constdata)
    ship66                                   0x00006d12   Data         162  spaceinvaders.o(.constdata)
    ship67                                   0x00006db4   Data         162  spaceinvaders.o(.constdata)
    ship70                                   0x00006e56   Data         162  spaceinvaders.o(.constdata)
    ship71                                   0x00006ef8   Data         162  spaceinvaders.o(.constdata)
    ship72                                   0x00006f9a   Data         162  spaceinvaders.o(.constdata)
    ship73                                   0x0000703c   Data         162  spaceinvaders.o(.constdata)
    ship74                                   0x000070de   Data         162  spaceinvaders.o(.constdata)
    ship75                                   0x00007180   Data         162  spaceinvaders.o(.constdata)
    ship76                                   0x00007222   Data         162  spaceinvaders.o(.constdata)
    ship77                                   0x000072c4   Data         162  spaceinvaders.o(.constdata)
    Title_English                            0x00007366   Data          16  spaceinvaders.o(.constdata)
    Title_Spanish                            0x00007376   Data          17  spaceinvaders.o(.constdata)
    Decoy_English                            0x00007387   Data           7  spaceinvaders.o(.constdata)
    Decoy_Spanish                            0x0000738e   Data           7  spaceinvaders.o(.constdata)
    Language_English                         0x00007395   Data           8  spaceinvaders.o(.constdata)
    Language_Spanish                         0x0000739d   Data           8  spaceinvaders.o(.constdata)
    GameOver_English                         0x000073a5   Data          13  spaceinvaders.o(.constdata)
    GameOver_Spanish                         0x000073b2   Data          16  spaceinvaders.o(.constdata)
    HP_English                               0x000073c2   Data           3  spaceinvaders.o(.constdata)
    HP_Spanish                               0x000073c5   Data           3  spaceinvaders.o(.constdata)
    HighScore_English                        0x000073c8   Data          14  spaceinvaders.o(.constdata)
    HighScore_Spanish                        0x000073d6   Data          15  spaceinvaders.o(.constdata)
    NewHighScore_English                     0x000073e5   Data          17  spaceinvaders.o(.constdata)
    NewHighScore_Spanish                     0x000073f6   Data          16  spaceinvaders.o(.constdata)
    xcomp                                    0x00007406   Data          16  spaceinvaders.o(.constdata)
    ycomp                                    0x00007416   Data          16  spaceinvaders.o(.constdata)
    dBfs                                     0x00007873   Data           1  st7735.o(.constdata)
    Region$$Table$$Base                      0x00007874   Number         0  anon$$obj.o(Region$$Table)
    Region$$Table$$Limit                     0x00007894   Number         0  anon$$obj.o(Region$$Table)
    gameState                                0x20000010   Data           1  spaceinvaders.o(.data)
    fl                                       0x20000011   Data           1  spaceinvaders.o(.data)
    numF                                     0x20000012   Data           1  spaceinvaders.o(.data)
    tick                                     0x20000014   Data           4  spaceinvaders.o(.data)
    flag                                     0x20000018   Data           1  spaceinvaders.o(.data)
    score                                    0x2000001c   Data           4  spaceinvaders.o(.data)
    dmg                                      0x20000020   Data           1  spaceinvaders.o(.data)
    hit                                      0x20000021   Data           1  spaceinvaders.o(.data)
    charge                                   0x20000022   Data           1  spaceinvaders.o(.data)
    restock                                  0x20000023   Data           1  spaceinvaders.o(.data)
    highScore                                0x20000024   Data           4  spaceinvaders.o(.data)
    myLanguage                               0x20000028   Data           1  spaceinvaders.o(.data)
    Phrases                                  0x2000002c   Data          56  spaceinvaders.o(.data)
    ship                                     0x20000064   Data          32  spaceinvaders.o(.data)
    flare                                    0x20000084   Data          32  spaceinvaders.o(.data)
    missile                                  0x200000a4   Data          32  spaceinvaders.o(.data)
    flaredeath                               0x200000c4   Data          32  spaceinvaders.o(.data)
    boom                                     0x200000e4   Data          32  spaceinvaders.o(.data)
    shipfx                                   0x20000104   Data         256  spaceinvaders.o(.data)
    player                                   0x20000204   Data          24  spaceinvaders.o(.data)
    Flares                                   0x2000021c   Data         384  spaceinvaders.o(.data)
    Missiles                                 0x2000039c   Data         384  spaceinvaders.o(.data)
    entities                                 0x2000051c   Data          60  spaceinvaders.o(.data)
    debug                                    0x20000558   Data           1  spaceinvaders.o(.data)
    StX                                      0x20000560   Data           4  st7735.o(.data)
    StY                                      0x20000564   Data           4  st7735.o(.data)
    StTextColor                              0x20000568   Data           2  st7735.o(.data)
    Messageindex                             0x20000574   Data           4  st7735.o(.data)
    Ymax                                     0x20000578   Data           4  st7735.o(.data)
    Ymin                                     0x2000057c   Data           4  st7735.o(.data)
    X                                        0x20000580   Data           4  st7735.o(.data)
    Yrange                                   0x20000584   Data           4  st7735.o(.data)
    lastj                                    0x20000588   Data           4  st7735.o(.data)
    PeriodicTask2                            0x2000058c   Data           4  texas.o(.data)
    __libspace_start                         0x20000594   Data          96  libspace.o(.bss)
    __temporary_stack_top$libspace           0x200005f4   Data           0  libspace.o(.bss)



==============================================================================

Memory Map of the image

  Image Entry point : 0x0000026d

  Load Region LR_1 (Base: 0x00000000, Size: 0x00007e28, Max: 0xffffffff, ABSOLUTE, COMPRESSED[0x00007a34])

    Execution Region ER_RO (Exec base: 0x00000000, Load base: 0x00000000, Size: 0x00007894, Max: 0xffffffff, ABSOLUTE)

    Exec Addr    Load Addr    Size         Type   Attr      Idx    E Section Name        Object

    0x00000000   0x00000000   0x00000284   Code   RO            3  * RESET               startup.o
    0x00000284   0x00000284   0x00000008   Code   RO          678  * !!!main             c_w.l(__main.o)
    0x0000028c   0x0000028c   0x00000034   Code   RO          839    !!!scatter          c_w.l(__scatter.o)
    0x000002c0   0x000002c0   0x0000005a   Code   RO          837    !!dczerorl2         c_w.l(__dczerorl2.o)
    0x0000031a   0x0000031a   0x00000002   PAD
    0x0000031c   0x0000031c   0x0000001c   Code   RO          841    !!handler_zi        c_w.l(__scatter_zi.o)
    0x00000338   0x00000338   0x00000002   Code   RO          705    .ARM.Collect$$libinit$$00000000  c_w.l(libinit.o)
    0x0000033a   0x0000033a   0x00000000   Code   RO          712    .ARM.Collect$$libinit$$00000002  c_w.l(libinit2.o)
    0x0000033a   0x0000033a   0x00000000   Code   RO          714    .ARM.Collect$$libinit$$00000004  c_w.l(libinit2.o)
    0x0000033a   0x0000033a   0x00000000   Code   RO          717    .ARM.Collect$$libinit$$0000000A  c_w.l(libinit2.o)
    0x0000033a   0x0000033a   0x00000000   Code   RO          719    .ARM.Collect$$libinit$$0000000C  c_w.l(libinit2.o)
    0x0000033a   0x0000033a   0x00000000   Code   RO          721    .ARM.Collect$$libinit$$0000000E  c_w.l(libinit2.o)
    0x0000033a   0x0000033a   0x00000000   Code   RO          724    .ARM.Collect$$libinit$$00000011  c_w.l(libinit2.o)
    0x0000033a   0x0000033a   0x00000000   Code   RO          726    .ARM.Collect$$libinit$$00000013  c_w.l(libinit2.o)
    0x0000033a   0x0000033a   0x00000000   Code   RO          728    .ARM.Collect$$libinit$$00000015  c_w.l(libinit2.o)
    0x0000033a   0x0000033a   0x00000000   Code   RO          730    .ARM.Collect$$libinit$$00000017  c_w.l(libinit2.o)
    0x0000033a   0x0000033a   0x00000000   Code   RO          732    .ARM.Collect$$libinit$$00000019  c_w.l(libinit2.o)
    0x0000033a   0x0000033a   0x00000000   Code   RO          734    .ARM.Collect$$libinit$$0000001B  c_w.l(libinit2.o)
    0x0000033a   0x0000033a   0x00000000   Code   RO          736    .ARM.Collect$$libinit$$0000001D  c_w.l(libinit2.o)
    0x0000033a   0x0000033a   0x00000000   Code   RO          738    .ARM.Collect$$libinit$$0000001F  c_w.l(libinit2.o)
    0x0000033a   0x0000033a   0x00000000   Code   RO          740    .ARM.Collect$$libinit$$00000021  c_w.l(libinit2.o)
    0x0000033a   0x0000033a   0x00000000   Code   RO          742    .ARM.Collect$$libinit$$00000023  c_w.l(libinit2.o)
    0x0000033a   0x0000033a   0x00000000   Code   RO          744    .ARM.Collect$$libinit$$00000025  c_w.l(libinit2.o)
    0x0000033a   0x0000033a   0x00000000   Code   RO          748    .ARM.Collect$$libinit$$0000002C  c_w.l(libinit2.o)
    0x0000033a   0x0000033a   0x00000000   Code   RO          750    .ARM.Collect$$libinit$$0000002E  c_w.l(libinit2.o)
    0x0000033a   0x0000033a   0x00000000   Code   RO          752    .ARM.Collect$$libinit$$00000030  c_w.l(libinit2.o)
    0x0000033a   0x0000033a   0x00000000   Code   RO          754    .ARM.Collect$$libinit$$00000032  c_w.l(libinit2.o)
    0x0000033a   0x0000033a   0x00000002   Code   RO          755    .ARM.Collect$$libinit$$00000033  c_w.l(libinit2.o)
    0x0000033c   0x0000033c   0x00000002   Code   RO          775    .ARM.Collect$$libshutdown$$00000000  c_w.l(libshutdown.o)
    0x0000033e   0x0000033e   0x00000000   Code   RO          788    .ARM.Collect$$libshutdown$$00000002  c_w.l(libshutdown2.o)
    0x0000033e   0x0000033e   0x00000000   Code   RO          790    .ARM.Collect$$libshutdown$$00000004  c_w.l(libshutdown2.o)
    0x0000033e   0x0000033e   0x00000000   Code   RO          792    .ARM.Collect$$libshutdown$$00000006  c_w.l(libshutdown2.o)
    0x0000033e   0x0000033e   0x00000000   Code   RO          795    .ARM.Collect$$libshutdown$$00000009  c_w.l(libshutdown2.o)
    0x0000033e   0x0000033e   0x00000000   Code   RO          798    .ARM.Collect$$libshutdown$$0000000C  c_w.l(libshutdown2.o)
    0x0000033e   0x0000033e   0x00000000   Code   RO          800    .ARM.Collect$$libshutdown$$0000000E  c_w.l(libshutdown2.o)
    0x0000033e   0x0000033e   0x00000000   Code   RO          803    .ARM.Collect$$libshutdown$$00000011  c_w.l(libshutdown2.o)
    0x0000033e   0x0000033e   0x00000002   Code   RO          804    .ARM.Collect$$libshutdown$$00000012  c_w.l(libshutdown2.o)
    0x00000340   0x00000340   0x00000000   Code   RO          680    .ARM.Collect$$rtentry$$00000000  c_w.l(__rtentry.o)
    0x00000340   0x00000340   0x00000000   Code   RO          682    .ARM.Collect$$rtentry$$00000002  c_w.l(__rtentry2.o)
    0x00000340   0x00000340   0x00000006   Code   RO          694    .ARM.Collect$$rtentry$$00000004  c_w.l(__rtentry4.o)
    0x00000346   0x00000346   0x00000000   Code   RO          684    .ARM.Collect$$rtentry$$00000009  c_w.l(__rtentry2.o)
    0x00000346   0x00000346   0x00000004   Code   RO          685    .ARM.Collect$$rtentry$$0000000A  c_w.l(__rtentry2.o)
    0x0000034a   0x0000034a   0x00000000   Code   RO          687    .ARM.Collect$$rtentry$$0000000C  c_w.l(__rtentry2.o)
    0x0000034a   0x0000034a   0x00000008   Code   RO          688    .ARM.Collect$$rtentry$$0000000D  c_w.l(__rtentry2.o)
    0x00000352   0x00000352   0x00000002   Code   RO          709    .ARM.Collect$$rtexit$$00000000  c_w.l(rtexit.o)
    0x00000354   0x00000354   0x00000000   Code   RO          757    .ARM.Collect$$rtexit$$00000002  c_w.l(rtexit2.o)
    0x00000354   0x00000354   0x00000004   Code   RO          758    .ARM.Collect$$rtexit$$00000003  c_w.l(rtexit2.o)
    0x00000358   0x00000358   0x00000006   Code   RO          759    .ARM.Collect$$rtexit$$00000004  c_w.l(rtexit2.o)
    0x0000035e   0x0000035e   0x00000002   PAD
    0x00000360   0x00000360   0x00000030   Code   RO            4    .text               startup.o
    0x00000390   0x00000390   0x00000040   Code   RO           13    .text               random.o
    0x000003d0   0x000003d0   0x00000054   Code   RO          168    .text               lcd.o
    0x00000424   0x00000424   0x000000f8   Code   RO          171    .text               print.o
    0x0000051c   0x0000051c   0x00000064   Code   RO          674    .text               c_w.l(rt_memcpy_w.o)
    0x00000580   0x00000580   0x00000006   Code   RO          676    .text               c_w.l(heapauxi.o)
    0x00000586   0x00000586   0x0000004a   Code   RO          696    .text               c_w.l(sys_stackheap_outer.o)
    0x000005d0   0x000005d0   0x00000012   Code   RO          698    .text               c_w.l(exit.o)
    0x000005e2   0x000005e2   0x00000002   PAD
    0x000005e4   0x000005e4   0x00000008   Code   RO          706    .text               c_w.l(libspace.o)
    0x000005ec   0x000005ec   0x0000000c   Code   RO          767    .text               c_w.l(sys_exit.o)
    0x000005f8   0x000005f8   0x00000002   Code   RO          778    .text               c_w.l(use_no_semi.o)
    0x000005fa   0x000005fa   0x00000000   Code   RO          780    .text               c_w.l(indicate_semi.o)
    0x000005fa   0x000005fa   0x00000002   PAD
    0x000005fc   0x000005fc   0x000000c8   Code   RO          552    i.ADC1_Init         texas.o
    0x000006c4   0x000006c4   0x0000002c   Code   RO           41    i.ADC_In            adc.o
    0x000006f0   0x000006f0   0x000000ec   Code   RO           42    i.ADC_Init          adc.o
    0x000007dc   0x000007dc   0x00000054   Code   RO           16    i.DAC_Init          dac.o
    0x00000830   0x00000830   0x0000000c   Code   RO           17    i.DAC_Out           dac.o
    0x0000083c   0x0000083c   0x00000020   Code   RO          295    i.Delay1ms          st7735.o
    0x0000085c   0x0000085c   0x00000054   Code   RO          174    i.HUD               spaceinvaders.o
    0x000008b0   0x000008b0   0x00000038   Code   RO          175    i.Init              spaceinvaders.o
    0x000008e8   0x000008e8   0x00000018   Code   RO          553    i.LogicAnalyzerA    texas.o
    0x00000900   0x00000900   0x00000018   Code   RO          554    i.LogicAnalyzerB    texas.o
    0x00000918   0x00000918   0x00000018   Code   RO          555    i.LogicAnalyzerC    texas.o
    0x00000930   0x00000930   0x00000018   Code   RO          556    i.LogicAnalyzerE    texas.o
    0x00000948   0x00000948   0x00000018   Code   RO          557    i.LogicAnalyzerF    texas.o
    0x00000960   0x00000960   0x00000010   Code   RO          298    i.Output_Init       st7735.o
    0x00000970   0x00000970   0x0000007c   Code   RO          660    i.PLL_Init          pll.o
    0x000009ec   0x000009ec   0x00000094   Code   RO          558    i.PeriodicTask2_Init  texas.o
    0x00000a80   0x00000a80   0x00000044   Code   RO          176    i.PortE_Init        spaceinvaders.o
    0x00000ac4   0x00000ac4   0x00000054   Code   RO          177    i.PortF_Init        spaceinvaders.o
    0x00000b18   0x00000b18   0x00000018   Code   RO          301    i.ST7735_Color565   st7735.o
    0x00000b30   0x00000b30   0x00000120   Code   RO          302    i.ST7735_DrawBitmap  st7735.o
    0x00000c50   0x00000c50   0x000000f8   Code   RO          304    i.ST7735_DrawCharS  st7735.o
    0x00000d48   0x00000d48   0x0000007c   Code   RO          305    i.ST7735_DrawFastHLine  st7735.o
    0x00000dc4   0x00000dc4   0x00000048   Code   RO          307    i.ST7735_DrawPixel  st7735.o
    0x00000e0c   0x00000e0c   0x00000054   Code   RO          308    i.ST7735_DrawString  st7735.o
    0x00000e60   0x00000e60   0x000000ac   Code   RO          309    i.ST7735_FillRect   st7735.o
    0x00000f0c   0x00000f0c   0x00000024   Code   RO          310    i.ST7735_FillScreen  st7735.o
    0x00000f30   0x00000f30   0x0000007c   Code   RO          312    i.ST7735_InitR      st7735.o
    0x00000fac   0x00000fac   0x000000d4   Code   RO          314    i.ST7735_OutChar    st7735.o
    0x00001080   0x00001080   0x00000016   Code   RO          315    i.ST7735_OutString  st7735.o
    0x00001096   0x00001096   0x00000002   PAD
    0x00001098   0x00001098   0x00000020   Code   RO          324    i.ST7735_SetCursor  st7735.o
    0x000010b8   0x000010b8   0x00000014   Code   RO          560    i.Scope             texas.o
    0x000010cc   0x000010cc   0x00000014   Code   RO           83    i.Sound_Explosion   sound.o
    0x000010e0   0x000010e0   0x00000038   Code   RO           89    i.Sound_Init        sound.o
    0x00001118   0x00001118   0x00000014   Code   RO           91    i.Sound_Shoot       sound.o
    0x0000112c   0x0000112c   0x00000028   Code   RO           92    i.Sound_Start       sound.o
    0x00001154   0x00001154   0x0000005c   Code   RO           93    i.SysTick_Handler   sound.o
    0x000011b0   0x000011b0   0x000000f8   Code   RO          561    i.TExaS_Init        texas.o
    0x000012a8   0x000012a8   0x000006b4   Code   RO          178    i.Timer1A_Handler   spaceinvaders.o
    0x0000195c   0x0000195c   0x00000060   Code   RO           71    i.Timer1_Init       timer1.o
    0x000019bc   0x000019bc   0x00000018   Code   RO          563    i.Timer5A_Handler   texas.o
    0x000019d4   0x000019d4   0x00000088   Code   RO          565    i.UART0_Init        texas.o
    0x00001a5c   0x00001a5c   0x00000220   Code   RO          179    i.checkHit          spaceinvaders.o
    0x00001c7c   0x00001c7c   0x00000174   Code   RO          180    i.checkSpeed        spaceinvaders.o
    0x00001df0   0x00001df0   0x00000014   Code   RO          181    i.clipHeight        spaceinvaders.o
    0x00001e04   0x00001e04   0x00000056   Code   RO          328    i.commandList       st7735.o
    0x00001e5a   0x00001e5a   0x00000002   PAD
    0x00001e5c   0x00001e5c   0x00000188   Code   RO          329    i.commonInit        st7735.o
    0x00001fe4   0x00001fe4   0x00000334   Code   RO          182    i.draw              spaceinvaders.o
    0x00002318   0x00002318   0x000000a8   Code   RO          183    i.gameInit          spaceinvaders.o
    0x000023c0   0x000023c0   0x000000c8   Code   RO          184    i.gameOver          spaceinvaders.o
    0x00002488   0x00002488   0x00000026   Code   RO          185    i.getDist           spaceinvaders.o
    0x000024ae   0x000024ae   0x00000002   PAD
    0x000024b0   0x000024b0   0x00000040   Code   RO          186    i.main              spaceinvaders.o
    0x000024f0   0x000024f0   0x000000ac   Code   RO          187    i.mainMenu          spaceinvaders.o
    0x0000259c   0x0000259c   0x00000010   Code   RO          188    i.newGame           spaceinvaders.o
    0x000025ac   0x000025ac   0x00000012   Code   RO          334    i.pushColor         st7735.o
    0x000025be   0x000025be   0x00000002   PAD
    0x000025c0   0x000025c0   0x00000074   Code   RO          335    i.setAddrWindow     st7735.o
    0x00002634   0x00002634   0x000017c0   Data   RO           94    .constdata          sound.o
    0x00003df4   0x00003df4   0x00003632   Data   RO          189    .constdata          spaceinvaders.o
    0x00007426   0x00007426   0x0000044e   Data   RO          337    .constdata          st7735.o
    0x00007874   0x00007874   0x00000020   Data   RO          835    Region$$Table       anon$$obj.o


    Execution Region ER_RW (Exec base: 0x20000000, Load base: 0x00007894, Size: 0x00000594, Max: 0xffffffff, ABSOLUTE, COMPRESSED[0x000001a0])

    Exec Addr    Load Addr    Size         Type   Attr      Idx    E Section Name        Object

    0x20000000   COMPRESSED   0x00000010   Data   RW           95    .data               sound.o
    0x20000010   COMPRESSED   0x00000550   Data   RW          190    .data               spaceinvaders.o
    0x20000560   COMPRESSED   0x0000002c   Data   RW          338    .data               st7735.o
    0x2000058c   COMPRESSED   0x00000004   Data   RW          568    .data               texas.o
    0x20000590   COMPRESSED   0x00000004   Data   RW           12    DATA                random.o


    Execution Region ER_ZI (Exec base: 0x20000594, Load base: 0x00007a34, Size: 0x00000464, Max: 0xffffffff, ABSOLUTE)

    Exec Addr    Load Addr    Size         Type   Attr      Idx    E Section Name        Object

    0x20000594        -       0x00000060   Zero   RW          707    .bss                c_w.l(libspace.o)
    0x200005f4   0x00007a34   0x00000004   PAD
    0x200005f8        -       0x00000000   Zero   RW            2    HEAP                startup.o
    0x200005f8        -       0x00000400   Zero   RW            1    STACK               startup.o


==============================================================================

Image component sizes


      Code (inc. data)   RO Data    RW Data    ZI Data      Debug   Object Name

       280         32          0          0          0        852   adc.o
        96         22          0          0          0       5289   dac.o
        84         14          0          0          0        236   lcd.o
       124          4          0          0          0        443   pll.o
       248          2          0          0          0        284   print.o
        64         14          0          4          0        232   random.o
       228         62       6080         16          0       2763   sound.o
      4422        322      13874       1360          0      16673   spaceinvaders.o
      2098        192       1102         44          0      14349   st7735.o
       692        632          0          0       1024        972   startup.o
       896        158          0          4          0       5642   texas.o
        96         18          0          0          0        538   timer1.o

    ----------------------------------------------------------------------
      9336       1472      21088       1428       1024      48273   Object Totals
         0          0         32          0          0          0   (incl. Generated)
         8          0          0          0          0          0   (incl. Padding)

    ----------------------------------------------------------------------

      Code (inc. data)   RO Data    RW Data    ZI Data      Debug   Library Member Name

        90          0          0          0          0          0   __dczerorl2.o
         8          0          0          0          0         68   __main.o
         0          0          0          0          0          0   __rtentry.o
        12          0          0          0          0          0   __rtentry2.o
         6          0          0          0          0          0   __rtentry4.o
        52          8          0          0          0          0   __scatter.o
        28          0          0          0          0          0   __scatter_zi.o
        18          0          0          0          0         80   exit.o
         6          0          0          0          0        152   heapauxi.o
         0          0          0          0          0          0   indicate_semi.o
         2          0          0          0          0          0   libinit.o
         2          0          0          0          0          0   libinit2.o
         2          0          0          0          0          0   libshutdown.o
         2          0          0          0          0          0   libshutdown2.o
         8          4          0          0         96         68   libspace.o
       100          0          0          0          0         80   rt_memcpy_w.o
         2          0          0          0          0          0   rtexit.o
        10          0          0          0          0          0   rtexit2.o
        12          4          0          0          0         68   sys_exit.o
        74          0          0          0          0         80   sys_stackheap_outer.o
         2          0          0          0          0         68   use_no_semi.o

    ----------------------------------------------------------------------
       444         16          0          0        100        664   Library Totals
         8          0          0          0          4          0   (incl. Padding)

    ----------------------------------------------------------------------

      Code (inc. data)   RO Data    RW Data    ZI Data      Debug   Library Name

       436         16          0          0         96        664   c_w.l

    ----------------------------------------------------------------------
       444         16          0          0        100        664   Library Totals

    ----------------------------------------------------------------------

==============================================================================


      Code (inc. data)   RO Data    RW Data    ZI Data      Debug   

      9780       1488      21088       1428       1124      46073   Grand Totals
      9780       1488      21088        416       1124      46073   ELF Image Totals (compressed)
      9780       1488      21088        416          0          0   ROM Totals

==============================================================================

    Total RO  Size (Code + RO Data)                30868 (  30.14kB)
    Total RW  Size (RW Data + ZI Data)              2552 (   2.49kB)
    Total ROM Size (Code + RO Data + RW Data)      31284 (  30.55kB)

==============================================================================

